# --------------------------------------------------- // Window Manager
hyprwayland-scanner|git-cmake|v0.4.5|https://github.com/hyprwm/hyprwayland-scanner.git
hyprutils|git-cmake|v0.12.0|https://github.com/hyprwm/hyprutils.git
hyprlang|git-cmake|v0.6.8|https://github.com/hyprwm/hyprlang.git
hyprland-protocols|git-meson|v0.7.0|https://github.com/hyprwm/hyprland-protocols.git
hyprgraphics|git-cmake|v0.5.1|https://github.com/hyprwm/hyprgraphics.git
hyprcursor|git-cmake|v0.1.13|https://github.com/hyprwm/hyprcursor.git
hyprpicker|git-cmake|v0.4.6|https://github.com/hyprwm/hyprpicker.git
hyprwire|git-cmake|v0.3.0|https://github.com/hyprwm/hyprwire.git
aquamarine|git-cmake|v0.10.0|https://github.com/hyprwm/aquamarine.git
#hyprland|git-cmake|v0.54.3|https://github.com/hyprwm/hyprland.git
hyprlock|git-cmake|v0.9.5|https://github.com/hyprwm/hyprlock.git
dunst|apt||
waybar|apt||
swww|git-rust|v0.11.2|https://github.com/LGFae/swww.git
wlogout|apt||
grim|git-meson|v1.5.0|https://gitlab.freedesktop.org/emersion/grim.git
grimblast|grimblast|main|https://github.com/hyprwm/contrib.git
slurp|apt||
satty|git-make|v0.20.1|https://github.com/gabm/Satty.git   
cliphist|go|latest|go.senan.xyz/cliphist
wl-clip-persist|git-rust|v0.5.0|https://github.com/Linus789/wl-clip-persist.git
sddm-theme-breeze|apt||--no-install-recommends
hyprtoolkit|git-cmake|v0.5.3|https://github.com/hyprwm/hyprtoolkit.git
hyprland-guiutils|git-cmake|v0.2.1|https://github.com/hyprwm/hyprland-guiutils.git
rofi|git-meson|2.0.0|https://github.com/davatorium/rofi.git
fish|git-cmake|4.6.0|https://github.com/fish-shell/fish-shell.git
