#--------------------------------------------------- // Compilation from git
bison
build-essential
cmake
curl
flex
g++
git
libcairo2-dev
libpangocairo-1.0-0
libpango1.0-dev
make
meson
pkg-config
python3-pip
python3-launchpadlib
software-properties-common
check
parallel
golang

#--------------------------------------------------- // Compilation dependencies
libdrm-dev
libgbm-dev
libdbus-c++-dev
libsdbus-c++-dev
libdisplay-info-dev
libtomlplusplus-dev
libinput-dev
libgio-2.0-dev
libgraphene-1.0-dev
libgtk-4-dev
libgl1-mesa-dev
libglvnd-core-dev
libssl-dev
libglvnd-dev
libgtk-layer-shell-dev
libjxl-dev
librust-libadwaita-sys-dev
libadwaita-1-dev
libpugixml-dev
libseat-dev
libmagic-dev
libudev-dev
libre2-dev
liblz4-dev
libstartup-notification0-dev
libmpdclient-dev
libnl-3-dev
libasound2-dev
libplayerctl-dev
libpng-dev
libjpeg-dev
librsvg2-dev
libwebp-dev
libgio-2.0-dev
libxcb-icccm4-dev
libxcb-errors-dev
libxcb-composite0-dev
libxcb-res0-dev
libxcb-util-dev
libxcb-keysyms1-dev
libxcb-xkb-dev
libxcb-ewmh-dev
libxcb-randr0-dev
libxcb-cursor-dev
libxcb-xinerama0-dev
libudis86-dev
libgtk-3-dev 
libpam0g-dev
libgtk-3-dev
libnotify-dev
libnotify-bin
libpixman-1-dev
libwebp-dev
libwayland-server0
libwayland-dev
libxcursor-dev
libxkbcommon-dev
libzip-dev
uuid-dev
hwdata
gir1.2-girepository-2.0-dev
imagemagick
scdoc
wayland-protocols
