# --------------------------------------------------- // System
pipewire                                               # audio/video server
pipewire-alsa                                          # pipewire alsa client
pipewire-audio                                         # pipewire audio client
pipewire-jack                                          # pipewire jack client
pipewire-pulse                                         # pipewire pulseaudio client
gstreamer1.0-pipewire                                  # pipewire gstreamer client
wireplumber                                            # pipewire session manager
pavucontrol                                            # pulseaudio volume control
pamixer                                                # pulseaudio cli mixer
network-manager                                        # network manager
network-manager-gnome                                  # network manager system tray utility
nm-connection-editor                                   # network manager editor
bluez                                                  # bluetooth protocol stack
bluez-tools                                            # bluetooth utility cli
blueman                                                # bluetooth manager gui
brightnessctl                                          # screen brightness control
playerctl                                              # media controls
udiskie                                                # manage removable media
firmware-iwlwifi
btop
lm-sensors
pipx

# --------------------------------------------------- // Dependencies
# policykit-1-gnome                                      # authentication agent
xdg-desktop-portal-hyprland                            # xdg desktop portal for hyprland
xdg-user-dirs                                          # Manage user directories like ~/Desktop and ~/Music
parallel                                               # for parallel processing
jq                                                     # for json processing
imagemagick                                            # for image processing
ffmpegthumbs                                           # for dolphin video thumbnails
kde-cli-tools                                          # for dolphin file type defaults
libnotify                                              # for notifications
noto-fonts-emoji                                       # emoji font
bibata-cursor-theme
gir1.2-playerctl-2.0
inotify-tools
kde-cli-tools

# --------------------------------------------------- // Theming
nwg-look                                               # gtk configuration tool
qt5ct                                                  # qt5 configuration tool
qt6ct                                                  # qt6 configuration tool
qt6-style-kvantum                                      # svg based qt6 theme engine
qt5-style-kvantum                                      # svg based qt5 theme engine
qtwayland5                                             # wayland support in qt5
qt6-wayland                                            # wayland support in qt6
qml-module-qtquick-controls
qtquickcontrols2-5-dev
qml-module-qtgraphicaleffects
qt5-image-formats-plugins
libqt6quick6
qt6-base-dev
qt6-declarative-dev
qt6-declarative-private-dev
qt6-wayland-dev
qt6-wayland-private-dev
qml6-module-qtwayland-compositor
qml6-module-qtqml-workerscript
qml6-module-qtqml-models
qml6-module-qtquick
qml6-module-qtquick-controls
qml6-module-qtquick-layouts
qml6-module-qtquick-templates
qml6-module-qtquick-window

# --------------------------------------------------- // Applications
thunderbird                                            # Mail browser
firefox                                                # browser
alacritty                                              # terminal
dolphin                                                # kde file manager
ark                                                    # kde file archiver
unzip                                                  # extracting zip files
neovim                                                 # terminal text editor
code                                                   # ide text editor
nwg-displays                                           # monitor management utility
fzf                                                    # Command-line fuzzy finder

# --------------------------------------------------- // Shell
fastfetch                                              # system information fetch tool
eza
fzf
